nohup: ignoring input
Port 5173 is in use, trying another one...

  VITE v8.0.14  ready in 254 ms

  ➜  Local:   http://localhost:5174/
  ➜  Network: http://169.254.0.21:5174/
5:33:23 PM [vite] (client) Pre-transform error: Transform failed with 5 errors:

[31m[PARSE_ERROR] [0mUnexpected flag e in regular expression literal
     [38;5;246m╭[0m[38;5;246m─[0m[38;5;246m[[0m src/App.jsx:196:7 [38;5;246m][0m
     [38;5;246m│[0m
 [38;5;246m196 │[0m [38;5;249m/[0m[38;5;249mh[0m[38;5;249mo[0m[38;5;249mm[0m[38;5;249me[0m[38;5;249m/[0me[38;5;249mn[0m[38;5;249mg[0m[38;5;249mi[0m[38;5;249mn[0m[38;5;249me[0m[38;5;249m/[0m[38;5;249m.[0m[38;5;249mb[0m[38;5;249ma[0m[38;5;249ms[0m[38;5;249mh[0m[38;5;249mr[0m[38;5;249mc[0m[38;5;249m:[0m[38;5;249m [0m[38;5;249ml[0m[38;5;249mi[0m[38;5;249mn[0m[38;5;249me[0m[38;5;249m [0m[38;5;249m1[0m[38;5;249m:[0m[38;5;249m [0m[38;5;249ms[0m[38;5;249my[0m[38;5;249mn[0m[38;5;249mt[0m[38;5;249ma[0m[38;5;249mx[0m[38;5;249m [0m[38;5;249me[0m[38;5;249mr[0m[38;5;249mr[0m[38;5;249mo[0m[38;5;249mr[0m[38;5;249m [0m[38;5;249mn[0m[38;5;249me[0m[38;5;249ma[0m[38;5;249mr[0m[38;5;249m [0m[38;5;249mu[0m[38;5;249mn[0m[38;5;249me[0m[38;5;249mx[0m[38;5;249mp[0m[38;5;249me[0m[38;5;249mc[0m[38;5;249mt[0m[38;5;249me[0m[38;5;249md[0m[38;5;249m [0m[38;5;249mt[0m[38;5;249mo[0m[38;5;249mk[0m[38;5;249me[0m[38;5;249mn[0m[38;5;249m [0m[38;5;249m`[0m[38;5;249m([0m[38;5;249m'[0m
 [38;5;240m    │[0m       ┬  
 [38;5;240m    │[0m       ╰── 
 [38;5;240m    │[0m 
 [38;5;240m    │[0m [38;5;115mHelp[0m: The allowed flags are `gimsuydv`
[38;5;246m─────╯[0m

[31m[PARSE_ERROR] [0mUnexpected flag n in regular expression literal
     [38;5;246m╭[0m[38;5;246m─[0m[38;5;246m[[0m src/App.jsx:196:8 [38;5;246m][0m
     [38;5;246m│[0m
 [38;5;246m196 │[0m [38;5;249m/[0m[38;5;249mh[0m[38;5;249mo[0m[38;5;249mm[0m[38;5;249me[0m[38;5;249m/[0m[38;5;249me[0mn[38;5;249mg[0m[38;5;249mi[0m[38;5;249mn[0m[38;5;249me[0m[38;5;249m/[0m[38;5;249m.[0m[38;5;249mb[0m[38;5;249ma[0m[38;5;249ms[0m[38;5;249mh[0m[38;5;249mr[0m[38;5;249mc[0m[38;5;249m:[0m[38;5;249m [0m[38;5;249ml[0m[38;5;249mi[0m[38;5;249mn[0m[38;5;249me[0m[38;5;249m [0m[38;5;249m1[0m[38;5;249m:[0m[38;5;249m [0m[38;5;249ms[0m[38;5;249my[0m[38;5;249mn[0m[38;5;249mt[0m[38;5;249ma[0m[38;5;249mx[0m[38;5;249m [0m[38;5;249me[0m[38;5;249mr[0m[38;5;249mr[0m[38;5;249mo[0m[38;5;249mr[0m[38;5;249m [0m[38;5;249mn[0m[38;5;249me[0m[38;5;249ma[0m[38;5;249mr[0m[38;5;249m [0m[38;5;249mu[0m[38;5;249mn[0m[38;5;249me[0m[38;5;249mx[0m[38;5;249mp[0m[38;5;249me[0m[38;5;249mc[0m[38;5;249mt[0m[38;5;249me[0m[38;5;249md[0m[38;5;249m [0m[38;5;249mt[0m[38;5;249mo[0m[38;5;249mk[0m[38;5;249me[0m[38;5;249mn[0m[38;5;249m [0m[38;5;249m`[0m[38;5;249m([0m[38;5;249m'[0m
 [38;5;240m    │[0m        ┬  
 [38;5;240m    │[0m        ╰── 
 [38;5;240m    │[0m 
 [38;5;240m    │[0m [38;5;115mHelp[0m: The allowed flags are `gimsuydv`
[38;5;246m─────╯[0m

[31m[PARSE_ERROR] [0mUnexpected flag n in regular expression literal
     [38;5;246m╭[0m[38;5;246m─[0m[38;5;246m[[0m src/App.jsx:196:11 [38;5;246m][0m
     [38;5;246m│[0m
 [38;5;246m196 │[0m [38;5;249m/[0m[38;5;249mh[0m[38;5;249mo[0m[38;5;249mm[0m[38;5;249me[0m[38;5;249m/[0m[38;5;249me[0m[38;5;249mn[0m[38;5;249mg[0m[38;5;249mi[0mn[38;5;249me[0m[38;5;249m/[0m[38;5;249m.[0m[38;5;249mb[0m[38;5;249ma[0m[38;5;249ms[0m[38;5;249mh[0m[38;5;249mr[0m[38;5;249mc[0m[38;5;249m:[0m[38;5;249m [0m[38;5;249ml[0m[38;5;249mi[0m[38;5;249mn[0m[38;5;249me[0m[38;5;249m [0m[38;5;249m1[0m[38;5;249m:[0m[38;5;249m [0m[38;5;249ms[0m[38;5;249my[0m[38;5;249mn[0m[38;5;249mt[0m[38;5;249ma[0m[38;5;249mx[0m[38;5;249m [0m[38;5;249me[0m[38;5;249mr[0m[38;5;249mr[0m[38;5;249mo[0m[38;5;249mr[0m[38;5;249m [0m[38;5;249mn[0m[38;5;249me[0m[38;5;249ma[0m[38;5;249mr[0m[38;5;249m [0m[38;5;249mu[0m[38;5;249mn[0m[38;5;249me[0m[38;5;249mx[0m[38;5;249mp[0m[38;5;249me[0m[38;5;249mc[0m[38;5;249mt[0m[38;5;249me[0m[38;5;249md[0m[38;5;249m [0m[38;5;249mt[0m[38;5;249mo[0m[38;5;249mk[0m[38;5;249me[0m[38;5;249mn[0m[38;5;249m [0m[38;5;249m`[0m[38;5;249m([0m[38;5;249m'[0m
 [38;5;240m    │[0m           ┬  
 [38;5;240m    │[0m           ╰── 
 [38;5;240m    │[0m 
 [38;5;240m    │[0m [38;5;115mHelp[0m: The allowed flags are `gimsuydv`
[38;5;246m─────╯[0m

[31m[PARSE_ERROR] [0mUnexpected flag e in regular expression literal
     [38;5;246m╭[0m[38;5;246m─[0m[38;5;246m[[0m src/App.jsx:196:12 [38;5;246m][0m
     [38;5;246m│[0m
 [38;5;246m196 │[0m [38;5;249m/[0m[38;5;249mh[0m[38;5;249mo[0m[38;5;249mm[0m[38;5;249me[0m[38;5;249m/[0m[38;5;249me[0m[38;5;249mn[0m[38;5;249mg[0m[38;5;249mi[0m[38;5;249mn[0me[38;5;249m/[0m[38;5;249m.[0m[38;5;249mb[0m[38;5;249ma[0m[38;5;249ms[0m[38;5;249mh[0m[38;5;249mr[0m[38;5;249mc[0m[38;5;249m:[0m[38;5;249m [0m[38;5;249ml[0m[38;5;249mi[0m[38;5;249mn[0m[38;5;249me[0m[38;5;249m [0m[38;5;249m1[0m[38;5;249m:[0m[38;5;249m [0m[38;5;249ms[0m[38;5;249my[0m[38;5;249mn[0m[38;5;249mt[0m[38;5;249ma[0m[38;5;249mx[0m[38;5;249m [0m[38;5;249me[0m[38;5;249mr[0m[38;5;249mr[0m[38;5;249mo[0m[38;5;249mr[0m[38;5;249m [0m[38;5;249mn[0m[38;5;249me[0m[38;5;249ma[0m[38;5;249mr[0m[38;5;249m [0m[38;5;249mu[0m[38;5;249mn[0m[38;5;249me[0m[38;5;249mx[0m[38;5;249mp[0m[38;5;249me[0m[38;5;249mc[0m[38;5;249mt[0m[38;5;249me[0m[38;5;249md[0m[38;5;249m [0m[38;5;249mt[0m[38;5;249mo[0m[38;5;249mk[0m[38;5;249me[0m[38;5;249mn[0m[38;5;249m [0m[38;5;249m`[0m[38;5;249m([0m[38;5;249m'[0m
 [38;5;240m    │[0m            ┬  
 [38;5;240m    │[0m            ╰── 
 [38;5;240m    │[0m 
 [38;5;240m    │[0m [38;5;115mHelp[0m: The allowed flags are `gimsuydv`
[38;5;246m─────╯[0m

[31m[PARSE_ERROR] [0mUnexpected token
     [38;5;246m╭[0m[38;5;246m─[0m[38;5;246m[[0m src/App.jsx:196:1 [38;5;246m][0m
     [38;5;246m│[0m
 [38;5;246m196 │[0m /home/engine[38;5;249m/[0m[38;5;249m.[0m[38;5;249mb[0m[38;5;249ma[0m[38;5;249ms[0m[38;5;249mh[0m[38;5;249mr[0m[38;5;249mc[0m[38;5;249m:[0m[38;5;249m [0m[38;5;249ml[0m[38;5;249mi[0m[38;5;249mn[0m[38;5;249me[0m[38;5;249m [0m[38;5;249m1[0m[38;5;249m:[0m[38;5;249m [0m[38;5;249ms[0m[38;5;249my[0m[38;5;249mn[0m[38;5;249mt[0m[38;5;249ma[0m[38;5;249mx[0m[38;5;249m [0m[38;5;249me[0m[38;5;249mr[0m[38;5;249mr[0m[38;5;249mo[0m[38;5;249mr[0m[38;5;249m [0m[38;5;249mn[0m[38;5;249me[0m[38;5;249ma[0m[38;5;249mr[0m[38;5;249m [0m[38;5;249mu[0m[38;5;249mn[0m[38;5;249me[0m[38;5;249mx[0m[38;5;249mp[0m[38;5;249me[0m[38;5;249mc[0m[38;5;249mt[0m[38;5;249me[0m[38;5;249md[0m[38;5;249m [0m[38;5;249mt[0m[38;5;249mo[0m[38;5;249mk[0m[38;5;249me[0m[38;5;249mn[0m[38;5;249m [0m[38;5;249m`[0m[38;5;249m([0m[38;5;249m'[0m
 [38;5;240m    │[0m ──────┬─────  
 [38;5;240m    │[0m       ╰─────── 
[38;5;246m─────╯[0m

  Plugin: vite:oxc
  File: /home/team/shared/captioncraft/frontend/src/App.jsx
